[clinicmaster.dexignzone.com/xhtml/dentist/index.html]
[backblue.gif]
[fade.gif]
[index.html]
[clinicmaster.dexignzone.com/xhtml/social-image.png]
[clinicmaster.dexignzone.com/xhtml/dentist/images/favicon.png]
[clinicmaster.dexignzone.com/xhtml/assets/images/demo/home3.jpg]
[clinicmaster.dexignzone.com/xhtml/assets/images/demo/home2.jpg]
[clinicmaster.dexignzone.com/xhtml/assets/images/demo/home1.jpg]
[clinicmaster.dexignzone.com/xhtml/assets/images/demo/home4.jpg]
[clinicmaster.dexignzone.com/xhtml/assets/images/demo/home5.jpg]
[clinicmaster.dexignzone.com/xhtml/assets/images/demo/home6.jpg]
[clinicmaster.dexignzone.com/xhtml/assets/images/demo/home7.jpg]
[clinicmaster.dexignzone.com/xhtml/assets/images/demo/home8.jpg]
[clinicmaster.dexignzone.com/xhtml/assets/images/demo/home9.jpg]
[clinicmaster.dexignzone.com/xhtml/dentist/about-us.html]
[clinicmaster.dexignzone.com/xhtml/dentist/about-us-2.html]
[clinicmaster.dexignzone.com/xhtml/dentist/appointment.html]
[clinicmaster.dexignzone.com/xhtml/dentist/pricing-table.html]
[clinicmaster.dexignzone.com/xhtml/dentist/testimonial.html]
[clinicmaster.dexignzone.com/xhtml/dentist/faqs.html]
[clinicmaster.dexignzone.com/xhtml/dentist/error-404.html]
[clinicmaster.dexignzone.com/xhtml/dentist/team.html]
[clinicmaster.dexignzone.com/xhtml/dentist/team-detail.html]
[clinicmaster.dexignzone.com/xhtml/dentist/services.html]
[clinicmaster.dexignzone.com/xhtml/dentist/services-2.html]
[clinicmaster.dexignzone.com/xhtml/dentist/service-detail.html]
[clinicmaster.dexignzone.com/xhtml/dentist/service-detail-2.html]
[clinicmaster.dexignzone.com/xhtml/dentist/blog-grid.html]
[clinicmaster.dexignzone.com/xhtml/dentist/blog-list-sidebar.html]
[clinicmaster.dexignzone.com/xhtml/dentist/blog-details.html]
[clinicmaster.dexignzone.com/xhtml/dentist/contact-us.html]
[clinicmaster.dexignzone.com/xhtml/dentist/images/avatar/small/avatar1.webp]
[clinicmaster.dexignzone.com/xhtml/dentist/images/avatar/small/avatar2.webp]
[clinicmaster.dexignzone.com/xhtml/dentist/images/avatar/small/avatar3.webp]
[clinicmaster.dexignzone.com/xhtml/dentist/images/avatar/small/avatar4.webp]
[clinicmaster.dexignzone.com/xhtml/dentist/images/hero-banner/img1.webp]
[clinicmaster.dexignzone.com/xhtml/dentist/images/hero-banner/img3.webp]
[clinicmaster.dexignzone.com/xhtml/dentist/images/hero-banner/img5.webp]
[clinicmaster.dexignzone.com/xhtml/dentist/images/hero-banner/img6.webp]
[clinicmaster.dexignzone.com/xhtml/dentist/images/avatar/small/avatar7.webp]
[clinicmaster.dexignzone.com/xhtml/dentist/images/avatar/small/avatar8.webp]
[clinicmaster.dexignzone.com/xhtml/dentist/images/hero-banner/img2.webp]
[clinicmaster.dexignzone.com/xhtml/dentist/images/hero-banner/img4.webp]
[clinicmaster.dexignzone.com/xhtml/dentist/images/background/bg4.webp]
[clinicmaster.dexignzone.com/xhtml/dentist/images/about/img5.webp]
[clinicmaster.dexignzone.com/xhtml/dentist/images/about/img6.webp]
[clinicmaster.dexignzone.com/xhtml/dentist/images/background/bg7.webp]
[clinicmaster.dexignzone.com/xhtml/dentist/images/background/bg2.webp]
[clinicmaster.dexignzone.com/xhtml/dentist/images/team/small/pic1.webp]
[clinicmaster.dexignzone.com/xhtml/dentist/images/team/small/pic2.webp]
[clinicmaster.dexignzone.com/xhtml/dentist/images/team/small/pic3.webp]
[clinicmaster.dexignzone.com/xhtml/dentist/images/team/small/pic4.webp]
[clinicmaster.dexignzone.com/xhtml/dentist/images/team/small/pic5.webp]
[clinicmaster.dexignzone.com/xhtml/dentist/images/team/large/pic1.webp]
[clinicmaster.dexignzone.com/xhtml/dentist/images/team/large/pic2.webp]
[clinicmaster.dexignzone.com/xhtml/dentist/images/team/large/pic3.webp]
[clinicmaster.dexignzone.com/xhtml/dentist/images/team/large/pic4.webp]
[clinicmaster.dexignzone.com/xhtml/dentist/images/team/large/pic5.webp]
[clinicmaster.dexignzone.com/xhtml/dentist/images/background/bg1.webp]
[clinicmaster.dexignzone.com/xhtml/dentist/images/about/img1.webp]
[clinicmaster.dexignzone.com/xhtml/dentist/images/background/bg3.webp]
[clinicmaster.dexignzone.com/xhtml/dentist/images/about/img3.webp]
[clinicmaster.dexignzone.com/xhtml/dentist/images/services/img1.webp]
[clinicmaster.dexignzone.com/xhtml/dentist/images/services/img2.webp]
[clinicmaster.dexignzone.com/xhtml/dentist/images/services/img3.webp]
[clinicmaster.dexignzone.com/xhtml/dentist/images/services/img4.webp]
[clinicmaster.dexignzone.com/xhtml/dentist/images/compare/before1.webp]
[clinicmaster.dexignzone.com/xhtml/dentist/images/compare/after1.webp]
[clinicmaster.dexignzone.com/xhtml/dentist/images/blog/small/img1.webp]
[clinicmaster.dexignzone.com/xhtml/dentist/images/blog/small/img2.webp]
[clinicmaster.dexignzone.com/xhtml/dentist/images/blog/small/img3.webp]
[clinicmaster.dexignzone.com/xhtml/dentist/images/about/img7.webp]
[clinicmaster.dexignzone.com/xhtml/dentist/images/about/img8.webp]
[clinicmaster.dexignzone.com/xhtml/dentist/images/about/img9.webp]
[clinicmaster.dexignzone.com/xhtml/dentist/images/about/img10.webp]
[clinicmaster.dexignzone.com/xhtml/dentist/images/about/img2.webp]
[clinicmaster.dexignzone.com/xhtml/dentist/images/logo/logo1.png]
[clinicmaster.dexignzone.com/xhtml/dentist/images/pricetable/img1.webp]
[clinicmaster.dexignzone.com/xhtml/dentist/images/pricetable/img2.webp]
[clinicmaster.dexignzone.com/xhtml/dentist/images/background/bg6.webp]
[clinicmaster.dexignzone.com/xhtml/dentist/images/blog/grid/pic1.webp]
[clinicmaster.dexignzone.com/xhtml/dentist/images/blog/grid/pic2.webp]
[clinicmaster.dexignzone.com/xhtml/dentist/images/blog/grid/pic3.webp]
[clinicmaster.dexignzone.com/xhtml/dentist/images/testimonial/img1.webp]
[clinicmaster.dexignzone.com/xhtml/dentist/images/testimonial/img2.webp]
[clinicmaster.dexignzone.com/xhtml/dentist/images/background/bg2.png]
[clinicmaster.dexignzone.com/xhtml/dentist/images/background/bg5.webp]
[clinicmaster.dexignzone.com/xhtml/dentist/index.html]
[fonts.googleapis.com/index.html]
[fonts.gstatic.com/index.html]
[fonts.googleapis.com/css24d2f.css]
[clinicmaster.dexignzone.com/xhtml/assets/vendor/swiper/swiper-bundle.min.css]
[clinicmaster.dexignzone.com/xhtml/assets/vendor/twentytwenty/css/twentytwenty.css]
[clinicmaster.dexignzone.com/xhtml/assets/vendor/magnific-popup/magnific-popup.min.css]
[clinicmaster.dexignzone.com/xhtml/assets/vendor/bootstrap-select/css/bootstrap-select.min.css]
[clinicmaster.dexignzone.com/xhtml/assets/vendor/tempus-dominus/css/tempus-dominus.min.css]
[clinicmaster.dexignzone.com/xhtml/dentist/images/hero-banner/pattern.webp]
[clinicmaster.dexignzone.com/xhtml/skincare/images/hero-banner/bg.png]
[clinicmaster.dexignzone.com/xhtml/assets/images/bg1.png]
[clinicmaster.dexignzone.com/xhtml/assets/css/style.css]
[clinicmaster.dexignzone.com/xhtml/dentist/images/logo-white.svg]
[clinicmaster.dexignzone.com/xhtml/dentist/images/logo.svg]
[clinicmaster.dexignzone.com/xhtml/dentist/images/banner/bnr1.webp]
[clinicmaster.dexignzone.com/xhtml/dentist/images/logo/middle/logo1.png]
[clinicmaster.dexignzone.com/xhtml/dentist/images/logo/middle/logo2.png]
[clinicmaster.dexignzone.com/xhtml/dentist/images/logo/middle/logo3.png]
[clinicmaster.dexignzone.com/xhtml/dentist/images/logo/middle/logo4.png]
[clinicmaster.dexignzone.com/xhtml/dentist/images/background/bg8.webp]
[clinicmaster.dexignzone.com/xhtml/dentist/images/about/img11.webp]
[clinicmaster.dexignzone.com/xhtml/dentist/about-us.html]
[clinicmaster.dexignzone.com/xhtml/dentist/images/about/img12.webp]
[clinicmaster.dexignzone.com/xhtml/dentist/images/about/img13.webp]
[clinicmaster.dexignzone.com/xhtml/dentist/images/about/img14.webp]
[clinicmaster.dexignzone.com/xhtml/dentist/images/background/bg9.webp]
[clinicmaster.dexignzone.com/xhtml/dentist/images/about/img18.webp]
[clinicmaster.dexignzone.com/xhtml/dentist/images/compare/middle/img1.webp]
[clinicmaster.dexignzone.com/xhtml/dentist/images/compare/middle/img2.webp]
[clinicmaster.dexignzone.com/xhtml/dentist/images/compare/middle/img3.webp]
[clinicmaster.dexignzone.com/xhtml/dentist/images/compare/middle/img4.webp]
[clinicmaster.dexignzone.com/xhtml/dentist/images/compare/middle/img5.webp]
[clinicmaster.dexignzone.com/xhtml/dentist/about-us-2.html]
[clinicmaster.dexignzone.com/xhtml/dentist/images/country/united_states.webp]
[clinicmaster.dexignzone.com/xhtml/dentist/images/map.webp]
[clinicmaster.dexignzone.com/xhtml/dentist/appointment.html]
[clinicmaster.dexignzone.com/xhtml/dentist/images/country/canada.webp]
[clinicmaster.dexignzone.com/xhtml/dentist/images/pricetable/img3.webp]
[clinicmaster.dexignzone.com/xhtml/dentist/images/pricetable/img4.webp]
[clinicmaster.dexignzone.com/xhtml/dentist/pricing-table.html]
[clinicmaster.dexignzone.com/xhtml/dentist/ajax/testimonial.html]
[clinicmaster.dexignzone.com/xhtml/dentist/testimonial.html]
[clinicmaster.dexignzone.com/xhtml/dentist/images/bg1.png]
[clinicmaster.dexignzone.com/xhtml/dentist/images/about/img17.webp]
[clinicmaster.dexignzone.com/xhtml/dentist/faqs.html]
[clinicmaster.dexignzone.com/xhtml/dentist/images/error.webp]
[clinicmaster.dexignzone.com/xhtml/dentist/error-404.html]
[clinicmaster.dexignzone.com/xhtml/dentist/team.html]
[clinicmaster.dexignzone.com/xhtml/dentist/team-detail.html]
[clinicmaster.dexignzone.com/xhtml/dentist/services.html]
[clinicmaster.dexignzone.com/xhtml/dentist/services-2.html]
[clinicmaster.dexignzone.com/xhtml/dentist/images/services/large/img1.webp]
[clinicmaster.dexignzone.com/xhtml/dentist/images/about/img16.webp]
[clinicmaster.dexignzone.com/xhtml/dentist/images/about/img15.webp]
[clinicmaster.dexignzone.com/xhtml/dentist/service-detail.html]
[clinicmaster.dexignzone.com/xhtml/dentist/images/services/small/img1.webp]
[clinicmaster.dexignzone.com/xhtml/dentist/images/services/small/img2.webp]
[clinicmaster.dexignzone.com/xhtml/dentist/images/services/large/img2.webp]
[clinicmaster.dexignzone.com/xhtml/dentist/images/banner/img1.webp]
[clinicmaster.dexignzone.com/xhtml/dentist/images/banner/img2.webp]
[clinicmaster.dexignzone.com/xhtml/dentist/images/services/small/img3.webp]
[clinicmaster.dexignzone.com/xhtml/dentist/service-detail-2.html]
[clinicmaster.dexignzone.com/xhtml/dentist/images/blog/grid/pic4.webp]
[clinicmaster.dexignzone.com/xhtml/dentist/images/blog/grid/pic5.webp]
[clinicmaster.dexignzone.com/xhtml/dentist/images/blog/grid/pic6.webp]
[clinicmaster.dexignzone.com/xhtml/dentist/ajax/blog-grid.html]
[clinicmaster.dexignzone.com/xhtml/dentist/blog-grid.html]
[clinicmaster.dexignzone.com/xhtml/dentist/ajax/blog-list.html]
[clinicmaster.dexignzone.com/xhtml/dentist/blog-list-sidebar.html]
[clinicmaster.dexignzone.com/xhtml/dentist/images/blog/detail/img2.webp]
[clinicmaster.dexignzone.com/xhtml/dentist/images/blog/detail/img1.webp]
[clinicmaster.dexignzone.com/xhtml/dentist/images/avatar/middle/img1.jpg]
[clinicmaster.dexignzone.com/xhtml/dentist/images/avatar/middle/img2.jpg]
[clinicmaster.dexignzone.com/xhtml/dentist/blog-details.html]
[clinicmaster.dexignzone.com/xhtml/dentist/contact-us.html]
[clinicmaster.dexignzone.com/xhtml/dentist/images/bg-circle.svg]
[clinicmaster.dexignzone.com/xhtml/dentist/images/sign.svg]
[clinicmaster.dexignzone.com/xhtml/dentist/images/google.svg]
[clinicmaster.dexignzone.com/xhtml/assets/js/global.min.js]
[clinicmaster.dexignzone.com/xhtml/assets/vendor/swiper/swiper-bundle.min.js]
[clinicmaster.dexignzone.com/xhtml/assets/vendor/imagesloaded/imagesloaded.js]
[clinicmaster.dexignzone.com/xhtml/assets/vendor/twentytwenty/js/jquery.event.move.js]
[clinicmaster.dexignzone.com/xhtml/assets/vendor/twentytwenty/js/jquery.twentytwenty.js]
[clinicmaster.dexignzone.com/xhtml/assets/vendor/popper/popper.js]
[clinicmaster.dexignzone.com/xhtml/assets/vendor/tempus-dominus/js/tempus-dominus.min.js]
[clinicmaster.dexignzone.com/xhtml/assets/vendor/wnumb/wNumb.js]
[clinicmaster.dexignzone.com/xhtml/assets/vendor/countdown/jquery.countdown.js]
[clinicmaster.dexignzone.com/xhtml/assets/js/dz.carousel.js]
[clinicmaster.dexignzone.com/xhtml/assets/js/dz.ajax.js]
[dzassets.s3.amazonaws.com/w3-global-2.0f596.js]
[clinicmaster.dexignzone.com/xhtml/assets/js/custom.js]
[clinicmaster.dexignzone.com/xhtml/assets/vendor/animate/animate.css]
[clinicmaster.dexignzone.com/xhtml/assets/icons/feather/css/iconfont.css]
[clinicmaster.dexignzone.com/xhtml/assets/icons/fontawesome/css/all.min.css]
[clinicmaster.dexignzone.com/xhtml/assets/icons/flaticon/flaticon9c42.woff2]
[clinicmaster.dexignzone.com/xhtml/assets/icons/flaticon/flaticon9c42.woff]
[clinicmaster.dexignzone.com/xhtml/assets/icons/flaticon/flaticon9c42.eot]
[clinicmaster.dexignzone.com/xhtml/assets/icons/flaticon/flaticon9c42.ttf]
[clinicmaster.dexignzone.com/xhtml/assets/icons/flaticon/flaticon.css]
[clinicmaster.dexignzone.com/xhtml/assets/images/bg02.svg]
[clinicmaster.dexignzone.com/xhtml/assets/images/bg01.svg]
[clinicmaster.dexignzone.com/xhtml/assets/images/bg03.svg]
[clinicmaster.dexignzone.com/xhtml/assets/images/bg05.svg]
[clinicmaster.dexignzone.com/xhtml/assets/images/shape/shape1.svg]
[clinicmaster.dexignzone.com/xhtml/assets/vendor/lightgallery/images/loading.gif]
[clinicmaster.dexignzone.com/xhtml/assets/vendor/lightgallery/css/lightgallery.css]
[clinicmaster.dexignzone.com/xhtml/assets/vendor/lightgallery/css/lg-thumbnail.css]
[clinicmaster.dexignzone.com/xhtml/assets/vendor/lightgallery/css/lg-zoom.css]
[clinicmaster.dexignzone.com/xhtml/dentist/images/arrow-left.svg]
[clinicmaster.dexignzone.com/xhtml/dentist/images/arrow-right.svg]
[clinicmaster.dexignzone.com/xhtml/assets/vendor/lightgallery/lightgallery.min.js]
[clinicmaster.dexignzone.com/xhtml/assets/vendor/lightgallery/plugins/thumbnail/lg-thumbnail.min.js]
[clinicmaster.dexignzone.com/xhtml/assets/vendor/lightgallery/plugins/zoom/lg-zoom.min.js]
[clinicmaster.dexignzone.com/xhtml/dentist/ajax/testimonial.html]
[clinicmaster.dexignzone.com/xhtml/dentist/ajax/blog-grid.html]
[clinicmaster.dexignzone.com/xhtml/dentist/ajax/blog-list.html]
[clinicmaster.dexignzone.com/xhtml/dentist/Version/index.html]
[clinicmaster.dexignzone.com/xhtml/assets/icons/feather/fonts/feathere8ab.svg]
[clinicmaster.dexignzone.com/xhtml/assets/icons/flaticon/flaticon9c42.svg]
[clinicmaster.dexignzone.com/xhtml/assets/vendor/lightgallery/fonts/lgb687.svg]
